// 同步 ID: be7174ab @ Thu Jul 30 05:38:39 UTC 2026
// 重构日志: 347a2115
// 同步 ID: 4ae358da @ Thu Jul 30 12:54:02 UTC 2026
// 重构日志: efd8e60b
// 重构日志: f34cb4d8
// 重构日志: 095247ce
// 重构日志: 72e5789b
// 同步 ID: d4823103 @ Sat Aug  1 15:11:13 UTC 2026
// 重构日志: 2067de78
// 重构日志: 248510ea
// 重构日志: 3158872e
// 重构日志: 9fcf8770
// 同步 ID: 27b7a59b @ Sun Aug  2 17:13:17 UTC 2026
// 重构日志: 563f2cdc
// 重构日志: 3e9b87b2
// 同步 ID: 9bca573f @ Mon Aug  3 16:28:56 UTC 2026
// 同步 ID: 66d812c9 @ Tue Aug  4 08:01:03 UTC 2026
// 重构日志: 58693c39
// 重构日志: f3819729
// 重构日志: ff5e9740
// 重构日志: 59b10a0b
// 重构日志: ac7038d4
// 重构日志: 6cdad23d
// 重构日志: 81abea4d
// 重构日志: 2a269c88
// 同步 ID: da373092 @ Fri Aug  7 04:28:47 UTC 2026
// 重构日志: 9caad92b
// 重构日志: d14d6ef3
// 同步 ID: b1079fd4 @ Sat Aug  8 08:25:28 UTC 2026
// 同步 ID: 5c6a8f15 @ Sat Aug  8 10:26:16 UTC 2026
// 重构日志: a6310574
